GDRE Tools v2.5.0-beta.5
Ubuntu 25.10 25.10, headless
Opening file: ~/brush-jjaemu/game-data/itch-brush-jjaemu/index.pck
WARNING: Duplicate IDs found in cache:
  uid://cud3ftt2s42bh -> res://art/OpenSans-VariableFont_wdth,wght.ttf
    Replacing with: res://art/Open_Sans/OpenSans-VariableFont_wdth,wght.ttf
  uid://bu8mxjtx24jlf -> res://script/main.tscn
    Replacing with: res://scene/main.tscn
   at: load_pack_uid_cache (modules/gdsdecomp/utility/gdre_settings.cpp:1999)
Loaded 18 imported files
Detected Engine Version: 4.6.2
Detected Bytecode Revision: 4.5.0-stable (ebc36a7)
Successfully loaded PCK!
Version: 4.6.2
Verified 42 files, no errors detected!
Extracted 42 files, no errors detected!
Saved project config.


********************************EXPORT REPORT********************************

Totals:                                 
Decompiled scripts:                     1
Failed scripts:                         0
Imported resources for export session:  18
Successfully converted:                 18
Lossy:                                  1
Rewrote metadata:                       15
Non-importable conversions:             0
Not converted:                          0
Failed conversions:                     0
-------------



------------------------------------------------------------------------------------

Use Godot editor version 4.6.2 to edit the project.

*******************************************************************************

Recovery finished in 00m00s
